src/lib/supabase.ts(3,33): error TS2339: Property 'env' does not exist on type 'ImportMeta'.
src/lib/supabase.ts(4,37): error TS2339: Property 'env' does not exist on type 'ImportMeta'.
src/stores/uploadStore.ts(41,39): error TS2339: Property 'env' does not exist on type 'ImportMeta'.
src/stores/uploadStore.ts(42,39): error TS2339: Property 'env' does not exist on type 'ImportMeta'.
